// Jest Snapshot v1, https://goo.gl/fbAQLP

exports[`one 1`] = `
"{\\"id\\":\\"meta\\",\\"type\\":\\"vertex\\",\\"label\\":\\"metaData\\",\\"projectRoot\\":\\"file:///\\",\\"version\\":\\"0.4.0\\",\\"positionEncoding\\":\\"utf-16\\",\\"toolInfo\\":{\\"name\\":\\"lsif-cpp\\",\\"args\\":[\\"examples/one/*.lsif.in\\",\\"examples/one\\"],\\"version\\":\\"dev\\"}}
{\\"id\\":\\"project\\",\\"type\\":\\"vertex\\",\\"label\\":\\"project\\",\\"kind\\":\\"cpp\\"}
{\\"id\\":\\"projectBegin\\",\\"data\\":\\"project\\",\\"type\\":\\"vertex\\",\\"label\\":\\"$event\\",\\"kind\\":\\"begin\\",\\"scope\\":\\"project\\"}
{\\"id\\":\\"document:one\\",\\"type\\":\\"vertex\\",\\"label\\":\\"document\\",\\"uri\\":\\"file:///one\\",\\"languageId\\":\\"cpp\\",\\"contents\\":\\"\\"}
{\\"id\\":\\"documentBegin:one\\",\\"data\\":\\"document:one\\",\\"type\\":\\"vertex\\",\\"label\\":\\"$event\\",\\"kind\\":\\"begin\\",\\"scope\\":\\"document\\"}
{\\"id\\":\\"document:lib/match/environment.ml\\",\\"type\\":\\"vertex\\",\\"label\\":\\"document\\",\\"uri\\":\\"file:///lib/match/environment.ml\\",\\"languageId\\":\\"cpp\\",\\"contents\\":\\"\\"}
{\\"id\\":\\"documentBegin:lib/match/environment.ml\\",\\"data\\":\\"document:lib/match/environment.ml\\",\\"type\\":\\"vertex\\",\\"label\\":\\"$event\\",\\"kind\\":\\"begin\\",\\"scope\\":\\"document\\"}
{\\"id\\":\\"one:79:35\\",\\"type\\":\\"vertex\\",\\"label\\":\\"range\\",\\"start\\":{\\"line\\":79,\\"character\\":35},\\"end\\":{\\"line\\":79,\\"character\\":52}}
{\\"id\\":\\"lib/match/environment.ml:0:0\\",\\"type\\":\\"vertex\\",\\"label\\":\\"range\\",\\"start\\":{\\"line\\":0,\\"character\\":0},\\"end\\":{\\"line\\":0,\\"character\\":0}}
{\\"id\\":\\"lib/match/environment.ml:59:4\\",\\"type\\":\\"vertex\\",\\"label\\":\\"range\\",\\"start\\":{\\"line\\":59,\\"character\\":4},\\"end\\":{\\"line\\":59,\\"character\\":4}}
{\\"id\\":\\"resultSet:lib/match/environment.ml:0:0\\",\\"label\\":\\"resultSet\\",\\"type\\":\\"vertex\\"}
{\\"id\\":\\"next:lib/match/environment.ml:0:0\\",\\"type\\":\\"edge\\",\\"label\\":\\"next\\",\\"outV\\":\\"lib/match/environment.ml:0:0\\",\\"inV\\":\\"resultSet:lib/match/environment.ml:0:0\\"}
{\\"id\\":\\"definition:lib/match/environment.ml:0:0\\",\\"label\\":\\"definitionResult\\",\\"type\\":\\"vertex\\"}
{\\"id\\":\\"textDocument/definition:lib/match/environment.ml:0:0\\",\\"type\\":\\"edge\\",\\"label\\":\\"textDocument/definition\\",\\"outV\\":\\"resultSet:lib/match/environment.ml:0:0\\",\\"inV\\":\\"definition:lib/match/environment.ml:0:0\\"}
{\\"id\\":\\"item:textDocument/definition:lib/match/environment.ml:0:0\\",\\"type\\":\\"edge\\",\\"label\\":\\"item\\",\\"outV\\":\\"definition:lib/match/environment.ml:0:0\\",\\"inVs\\":[\\"lib/match/environment.ml:0:0\\"],\\"document\\":\\"document:lib/match/environment.ml\\"}
{\\"id\\":\\"hover:lib/match/environment.ml:0:0\\",\\"label\\":\\"hoverResult\\",\\"type\\":\\"vertex\\",\\"result\\":{\\"contents\\":\\"sig\\\\n  type t\\\\n  val to_yojson : t -> Yojson.Safe.t\\\\n  val of_yojson : Yojson.Safe.t -> t Ppx_deriving_yojson_runtime.error_or\\\\n  val create : unit -> t\\\\n  val vars : t -> string sexp_list\\\\n  val add : ?ran\\"}}
{\\"id\\":\\"textDocument/hover:lib/match/environment.ml:0:0\\",\\"type\\":\\"edge\\",\\"label\\":\\"textDocument/hover\\",\\"outV\\":\\"resultSet:lib/match/environment.ml:0:0\\",\\"inV\\":\\"hover:lib/match/environment.ml:0:0\\"}
{\\"id\\":\\"reference:lib/match/environment.ml:0:0\\",\\"label\\":\\"referenceResult\\",\\"type\\":\\"vertex\\"}
{\\"id\\":\\"textDocument/references:lib/match/environment.ml:0:0\\",\\"type\\":\\"edge\\",\\"label\\":\\"textDocument/references\\",\\"outV\\":\\"resultSet:lib/match/environment.ml:0:0\\",\\"inV\\":\\"reference:lib/match/environment.ml:0:0\\"}
{\\"id\\":\\"item:textDocument/references:definitions:lib/match/environment.ml:0:0\\",\\"type\\":\\"edge\\",\\"label\\":\\"item\\",\\"outV\\":\\"reference:lib/match/environment.ml:0:0\\",\\"inVs\\":[\\"lib/match/environment.ml:0:0\\"],\\"property\\":\\"definitions\\",\\"document\\":\\"document:lib/match/environment.ml\\"}
{\\"id\\":\\"next:one:79:35\\",\\"type\\":\\"edge\\",\\"label\\":\\"next\\",\\"outV\\":\\"one:79:35\\",\\"inV\\":\\"resultSet:lib/match/environment.ml:0:0\\"}
{\\"id\\":\\"item:textDocument/references:references:lib/match/environment.ml:0:0:one\\",\\"type\\":\\"edge\\",\\"label\\":\\"item\\",\\"outV\\":\\"reference:lib/match/environment.ml:0:0\\",\\"inVs\\":[\\"one:79:35\\"],\\"property\\":\\"references\\",\\"document\\":\\"document:one\\"}
{\\"id\\":\\"resultSet:lib/match/environment.ml:59:4\\",\\"label\\":\\"resultSet\\",\\"type\\":\\"vertex\\"}
{\\"id\\":\\"next:lib/match/environment.ml:59:4\\",\\"type\\":\\"edge\\",\\"label\\":\\"next\\",\\"outV\\":\\"lib/match/environment.ml:59:4\\",\\"inV\\":\\"resultSet:lib/match/environment.ml:59:4\\"}
{\\"id\\":\\"definition:lib/match/environment.ml:59:4\\",\\"label\\":\\"definitionResult\\",\\"type\\":\\"vertex\\"}
{\\"id\\":\\"textDocument/definition:lib/match/environment.ml:59:4\\",\\"type\\":\\"edge\\",\\"label\\":\\"textDocument/definition\\",\\"outV\\":\\"resultSet:lib/match/environment.ml:59:4\\",\\"inV\\":\\"definition:lib/match/environment.ml:59:4\\"}
{\\"id\\":\\"item:textDocument/definition:lib/match/environment.ml:59:4\\",\\"type\\":\\"edge\\",\\"label\\":\\"item\\",\\"outV\\":\\"definition:lib/match/environment.ml:59:4\\",\\"inVs\\":[\\"lib/match/environment.ml:59:4\\"],\\"document\\":\\"document:lib/match/environment.ml\\"}
{\\"id\\":\\"hover:lib/match/environment.ml:59:4\\",\\"label\\":\\"hoverResult\\",\\"type\\":\\"vertex\\",\\"result\\":{\\"contents\\":\\"environment -> environment -> environment\\"}}
{\\"id\\":\\"textDocument/hover:lib/match/environment.ml:59:4\\",\\"type\\":\\"edge\\",\\"label\\":\\"textDocument/hover\\",\\"outV\\":\\"resultSet:lib/match/environment.ml:59:4\\",\\"inV\\":\\"hover:lib/match/environment.ml:59:4\\"}
{\\"id\\":\\"reference:lib/match/environment.ml:59:4\\",\\"label\\":\\"referenceResult\\",\\"type\\":\\"vertex\\"}
{\\"id\\":\\"textDocument/references:lib/match/environment.ml:59:4\\",\\"type\\":\\"edge\\",\\"label\\":\\"textDocument/references\\",\\"outV\\":\\"resultSet:lib/match/environment.ml:59:4\\",\\"inV\\":\\"reference:lib/match/environment.ml:59:4\\"}
{\\"id\\":\\"item:textDocument/references:definitions:lib/match/environment.ml:59:4\\",\\"type\\":\\"edge\\",\\"label\\":\\"item\\",\\"outV\\":\\"reference:lib/match/environment.ml:59:4\\",\\"inVs\\":[\\"lib/match/environment.ml:59:4\\"],\\"property\\":\\"definitions\\",\\"document\\":\\"document:lib/match/environment.ml\\"}
{\\"id\\":\\"next:one:79:35\\",\\"type\\":\\"edge\\",\\"label\\":\\"next\\",\\"outV\\":\\"one:79:35\\",\\"inV\\":\\"resultSet:lib/match/environment.ml:59:4\\"}
{\\"id\\":\\"item:textDocument/references:references:lib/match/environment.ml:59:4:one\\",\\"type\\":\\"edge\\",\\"label\\":\\"item\\",\\"outV\\":\\"reference:lib/match/environment.ml:59:4\\",\\"inVs\\":[\\"one:79:35\\"],\\"property\\":\\"references\\",\\"document\\":\\"document:one\\"}
{\\"id\\":\\"contains:one\\",\\"type\\":\\"edge\\",\\"label\\":\\"contains\\",\\"outV\\":\\"document:one\\",\\"inVs\\":[\\"one:79:35\\"]}
{\\"id\\":\\"documentEnd:one\\",\\"data\\":\\"document:one\\",\\"type\\":\\"vertex\\",\\"label\\":\\"$event\\",\\"kind\\":\\"end\\",\\"scope\\":\\"document\\"}
{\\"id\\":\\"contains:lib/match/environment.ml\\",\\"type\\":\\"edge\\",\\"label\\":\\"contains\\",\\"outV\\":\\"document:lib/match/environment.ml\\",\\"inVs\\":[\\"lib/match/environment.ml:0:0\\",\\"lib/match/environment.ml:59:4\\"]}
{\\"id\\":\\"documentEnd:lib/match/environment.ml\\",\\"data\\":\\"document:lib/match/environment.ml\\",\\"type\\":\\"vertex\\",\\"label\\":\\"$event\\",\\"kind\\":\\"end\\",\\"scope\\":\\"document\\"}
{\\"id\\":\\"projectContains\\",\\"type\\":\\"edge\\",\\"label\\":\\"contains\\",\\"outV\\":\\"project\\",\\"inVs\\":[\\"document:one\\",\\"document:lib/match/environment.ml\\"]}
{\\"id\\":\\"projectEnd\\",\\"data\\":\\"project\\",\\"type\\":\\"vertex\\",\\"label\\":\\"$event\\",\\"kind\\":\\"end\\",\\"scope\\":\\"project\\"}"
`;
